python : C:\ProgramData\minic
onda3\Lib\site-packages\reque
sts\__init__.py:113: 
RequestsDependencyWarning: 
urllib3 (1.26.20) or chardet 
(7.3.0)/charset_normalizer 
(3.4.6) doesn't match a 
supported version!
At line:1 char:1
+ python 
backend/test_synthesis.py > 
test_output.txt 2>&1
+ ~~~~~~~~~~~~~~~~~~~~~~~~~~~
~~~~~~~~~~~~~~~~~~~~~~~~~~~~
    + CategoryInfo           
   : NotSpecified: (C:\Prog  
  ramData\...ported versio   
 n!:String) [], RemoteExc    
eption
    + FullyQualifiedErrorId  
   : NativeCommandError
 
  warnings.warn(
Loading Knowledge Graph for agent-bot-1774555676414...
Γ£à Found 133 deep facts.

--- SNEAK PEEK OF DATA GOING TO GEMINI 3.1 PRO ---
- CLAIM: Large language models (LLMs) are a type of deep learning system trained on massive datasets of text to understand and generate human language.
  EVIDENCE: This is a core definition of LLMs based on their training methodology and purpose.
  SOURCE: https://toloka.ai/blog/history-of-llms/

- CLAIM: Large language models (LLMs) are a type of deep learning system trained on massive datasets of text to understand and generate human language.
  EVIDENCE: This is a core definition of LLMs based on their training methodology and purpose.
  SOURCE: https://toloka.ai/blog/history-of-llms/

- CLAIM: Advancements in deep learning and large language models have significantly enhanced the capabilities of natural language processing.
  EVIDENCE: This is a general observation about the impact of 
...
--------------------------------------------------

≡ƒºá Firing Gemini 3.1 Pro (This takes 30-60 seconds)...
[STATUS:agent-bot-1774555676414] PDF: Synthesis for 'The Rise and Strategic Evolution of Larg...'
+++ [CAPABILITY:report_generation] Saved PDF to: C:\Users\Asus\OneDrive\Desktop\Easy Company\backend\agents_code\agent-bot-1774555676414\Report_The_Strategic_Evolution_of_Large_Language_Models.pdf

=== SYNTHESIS RESULT ===
Report generated: Report_The_Strategic_Evolution_of_Large_Language_Models.pdf. (Saved in C:\Users\Asus\OneDrive\Desktop\Easy Company\backend\agents_code\agent-bot-1774555676414)
